core_cm3.h:930:22:NVIC_EnableIRQ	16	static
core_cm3.h:1014:22:NVIC_SetPriority	16	static
core_cm3.h:1139:26:SysTick_Config	16	static
main.c:51:5:main	8	static
main.c:107:6:__assert_func	24	static
main.c:116:6:__assert	24	static
main.c:138:10:System_GetTick	4	static
main.c:143:6:RCC_Configuration	8	static
main.c:157:6:GPIO_Configuration	16	static
main.c:184:6:SysTick_Configuration	8	static
main.c:190:6:TIM_Configuration	24	static
main.c:213:6:NVIC_Configuration	16	static
main.c:226:6:UART_Configuration	24	static
main.c:259:6:usDelay	24	static
main.c:269:6:msDelay	24	static
